Archive member included because of file (symbol)

/home/fpga/Documents/workspace/CMSISv1p30_LPC13xx/Debug/libCMSISv1p30_LPC13xx.a(system_LPC13xx.o)
                              ./src/cr_startup_lpc13.o (SystemInit)

Allocating common symbols
Common symbol       size              file

USB_AltSetting      0x1               ./src/usbcore.o
InReport            0x1               ./src/hiduser.o
EP0Buf              0x40              ./src/usbcore.o
jtag                0x40              ./src/jtag.o
USB_EndPointMask    0x4               ./src/usbcore.o
USB_DeviceAddress   0x1               ./src/usbcore.o
USB_EndPointStall   0x4               ./src/usbcore.o
pData               0x4               ./src/jtag.o
USB_EndPointHalt    0x4               ./src/usbcore.o
data                0x50              ./src/jtag.o
HID_IdleTime        0x1               ./src/hiduser.o
USB_Configuration   0x1               ./src/usbcore.o
SetupPacket         0x8               ./src/usbcore.o
USB_NumInterfaces   0x1               ./src/usbcore.o
OutReport           0x1               ./src/hiduser.o
HID_Protocol        0x1               ./src/hiduser.o
EP0Data             0x8               ./src/usbcore.o
USB_DeviceStatus    0x2               ./src/usbcore.o

Discarded input sections

 .text          0x00000000        0x0 ./src/cr_startup_lpc13.o
 .data          0x00000000        0x0 ./src/cr_startup_lpc13.o
 .bss           0x00000000        0x0 ./src/cr_startup_lpc13.o
 .text          0x00000000        0x0 ./src/gpio.o
 .data          0x00000000        0x0 ./src/gpio.o
 .bss           0x00000000        0x0 ./src/gpio.o
 .rodata        0x00000000       0x10 ./src/gpio.o
 .text.GPIOSetInterrupt
                0x00000000      0x574 ./src/gpio.o
 .text.GPIOIntEnable
                0x00000000      0x104 ./src/gpio.o
 .text.GPIOIntDisable
                0x00000000      0x114 ./src/gpio.o
 .text.GPIOIntStatus
                0x00000000      0x100 ./src/gpio.o
 .text.GPIOIntClear
                0x00000000      0x104 ./src/gpio.o
 .text          0x00000000        0x0 ./src/hiduser.o
 .data          0x00000000        0x0 ./src/hiduser.o
 .bss           0x00000000        0x0 ./src/hiduser.o
 .text          0x00000000        0x0 ./src/jtag.o
 .text          0x00000000        0x0 ./src/lenval.o
 .data          0x00000000        0x0 ./src/lenval.o
 .bss           0x00000000        0x0 ./src/lenval.o
 .text.RetBit   0x00000000       0x38 ./src/lenval.o
 .text.SetBit   0x00000000       0x60 ./src/lenval.o
 .text          0x00000000        0x0 ./src/main.o
 .data          0x00000000        0x0 ./src/main.o
 .bss           0x00000000        0x0 ./src/main.o
 .text          0x00000000        0x0 ./src/micro.o
 .bss           0x00000000        0x0 ./src/micro.o
 .text          0x00000000        0x0 ./src/ports.o
 .bss           0x00000000        0xc ./src/ports.o
 .text          0x00000000        0x0 ./src/usbcore.o
 .data          0x00000000        0x0 ./src/usbcore.o
 .bss           0x00000000        0x0 ./src/usbcore.o
 .text          0x00000000        0x0 ./src/usbdesc.o
 .data          0x00000000        0x0 ./src/usbdesc.o
 .bss           0x00000000        0x0 ./src/usbdesc.o
 .text          0x00000000        0x0 ./src/usbhw.o
 .data          0x00000000        0x0 ./src/usbhw.o
 .bss           0x00000000        0x0 ./src/usbhw.o
 .text.USB_WakeUp
                0x00000000       0x2c ./src/usbhw.o
 .text.USB_GetFrame
                0x00000000       0x48 ./src/usbhw.o
 .text          0x00000000        0x0 ./src/usbuser.o
 .data          0x00000000        0x0 ./src/usbuser.o
 .bss           0x00000000        0x0 ./src/usbuser.o
 .text.USB_EndPoint3
                0x00000000       0x14 ./src/usbuser.o
 .text          0x00000000        0x0 /home/fpga/Documents/workspace/CMSISv1p30_LPC13xx/Debug/libCMSISv1p30_LPC13xx.a(system_LPC13xx.o)
 .data          0x00000000        0x4 /home/fpga/Documents/workspace/CMSISv1p30_LPC13xx/Debug/libCMSISv1p30_LPC13xx.a(system_LPC13xx.o)
 .bss           0x00000000        0x0 /home/fpga/Documents/workspace/CMSISv1p30_LPC13xx/Debug/libCMSISv1p30_LPC13xx.a(system_LPC13xx.o)
 .text.SystemCoreClockUpdate
                0x00000000      0x35c /home/fpga/Documents/workspace/CMSISv1p30_LPC13xx/Debug/libCMSISv1p30_LPC13xx.a(system_LPC13xx.o)

Memory Configuration

Name             Origin             Length             Attributes
MFlash32         0x00000000         0x00008000         xr
RamLoc8          0x10000000         0x00002000         xrw
*default*        0x00000000         0xffffffff

Linker script and memory map

LOAD ./src/cr_startup_lpc13.o
LOAD ./src/gpio.o
LOAD ./src/hiduser.o
LOAD ./src/jtag.o
LOAD ./src/lenval.o
LOAD ./src/main.o
LOAD ./src/micro.o
LOAD ./src/ports.o
LOAD ./src/usbcore.o
LOAD ./src/usbdesc.o
LOAD ./src/usbhw.o
LOAD ./src/usbuser.o
LOAD /home/fpga/Documents/workspace/CMSISv1p30_LPC13xx/Debug/libCMSISv1p30_LPC13xx.a
START GROUP
LOAD /home/fpga/lpcxpresso_4.0.5_113/lpcxpresso/tools/bin/../lib/gcc/arm-none-eabi/4.5.1/../../../../arm-none-eabi/lib/thumb2/libcr_semihost.a
LOAD /home/fpga/lpcxpresso_4.0.5_113/lpcxpresso/tools/bin/../lib/gcc/arm-none-eabi/4.5.1/../../../../arm-none-eabi/lib/thumb2/libcr_c.a
LOAD /home/fpga/lpcxpresso_4.0.5_113/lpcxpresso/tools/bin/../lib/gcc/arm-none-eabi/4.5.1/thumb2/libcr_eabihelpers.a
END GROUP
                0x00008000                __top_MFlash32 = 0x8000
                0x10002000                __top_RamLoc8 = 0x10002000

.text           0x00000000     0x4070
 FILL mask 0xff
 *(.isr_vector)
 .isr_vector    0x00000000      0x124 ./src/cr_startup_lpc13.o
                0x00000000                g_pfnVectors
                0x00000124                . = ALIGN (0x4)
                0x00000124                __section_table_start = .
                0x00000124                __data_section_table = .
                0x00000124        0x4 LONG 0x4070 LOADADDR (.data)
                0x00000128        0x4 LONG 0x10000000 ADDR (.data)
                0x0000012c        0x4 LONG 0xe8 SIZEOF (.data)
                0x00000130                __data_section_table_end = .
                0x00000130                __bss_section_table = .
                0x00000130        0x4 LONG 0x100000e8 ADDR (.bss)
                0x00000134        0x4 LONG 0x114 SIZEOF (.bss)
                0x00000138                __bss_section_table_end = .
                0x00000138                __section_table_end = .
 *(.after_vectors*)
 *(.text*)
 .text.Reset_Handler
                0x00000138       0x78 ./src/cr_startup_lpc13.o
                0x00000138                Reset_Handler
                0x00000138                ResetISR
 .text.NMI_Handler
                0x000001b0        0x8 ./src/cr_startup_lpc13.o
                0x000001b0                NMI_Handler
 .text.HardFault_Handler
                0x000001b8        0x8 ./src/cr_startup_lpc13.o
                0x000001b8                HardFault_Handler
 .text.MemManage_Handler
                0x000001c0        0x8 ./src/cr_startup_lpc13.o
                0x000001c0                MemManage_Handler
 .text.BusFault_Handler
                0x000001c8        0x8 ./src/cr_startup_lpc13.o
                0x000001c8                BusFault_Handler
 .text.UsageFault_Handler
                0x000001d0        0x8 ./src/cr_startup_lpc13.o
                0x000001d0                UsageFault_Handler
 .text.SVCall_Handler
                0x000001d8        0x8 ./src/cr_startup_lpc13.o
                0x000001d8                SVCall_Handler
 .text.DebugMon_Handler
                0x000001e0        0x8 ./src/cr_startup_lpc13.o
                0x000001e0                DebugMon_Handler
 .text.PendSV_Handler
                0x000001e8        0x8 ./src/cr_startup_lpc13.o
                0x000001e8                PendSV_Handler
 .text.SysTick_Handler
                0x000001f0        0x8 ./src/cr_startup_lpc13.o
                0x000001f0                SysTick_Handler
 .text.IntDefaultHandler
                0x000001f8        0x8 ./src/cr_startup_lpc13.o
                0x000001f8                TIMER16_0_IRQHandler
                0x000001f8                UART_IRQHandler
                0x000001f8                TIMER32_0_IRQHandler
                0x000001f8                TIMER32_1_IRQHandler
                0x000001f8                PIOINT1_IRQHandler
                0x000001f8                SSP_IRQHandler
                0x000001f8                TIMER16_1_IRQHandler
                0x000001f8                USB_FIQHandler
                0x000001f8                ADC_IRQHandler
                0x000001f8                PIOINT2_IRQHandler
                0x000001f8                BOD_IRQHandler
                0x000001f8                WAKEUP_IRQHandler
                0x000001f8                PIOINT0_IRQHandler
                0x000001f8                I2C_IRQHandler
                0x000001f8                WDT_IRQHandler
                0x000001f8                PIOINT3_IRQHandler
                0x000001f8                FMC_IRQHandler
 .text.NVIC_EnableIRQ
                0x00000200       0x38 ./src/gpio.o
 .text.GPIOInit
                0x00000238       0x44 ./src/gpio.o
                0x00000238                GPIOInit
 .text.HID_GetReport
                0x0000027c       0x48 ./src/hiduser.o
                0x0000027c                HID_GetReport
 .text.HID_SetReport
                0x000002c4       0x48 ./src/hiduser.o
                0x000002c4                HID_SetReport
 .text.HID_GetIdle
                0x0000030c       0x30 ./src/hiduser.o
                0x0000030c                HID_GetIdle
 .text.HID_SetIdle
                0x0000033c       0x30 ./src/hiduser.o
                0x0000033c                HID_SetIdle
 .text.HID_GetProtocol
                0x0000036c       0x24 ./src/hiduser.o
                0x0000036c                HID_GetProtocol
 .text.HID_SetProtocol
                0x00000390       0x24 ./src/hiduser.o
                0x00000390                HID_SetProtocol
 .text.__NOP    0x000003b4        0xc ./src/jtag.o
 .text.udelay   0x000003c0       0x38 ./src/jtag.o
 .text.GPIOSetValue
                0x000003f8       0x3c ./src/jtag.o
 .text.GPIOSetDir
                0x00000434       0x90 ./src/jtag.o
 .text.zapniCervenu
                0x000004c4       0x18 ./src/jtag.o
                0x000004c4                zapniCervenu
 .text.vypniCervenu
                0x000004dc       0x18 ./src/jtag.o
                0x000004dc                vypniCervenu
 .text.jtagInit
                0x000004f4      0x12c ./src/jtag.o
                0x000004f4                jtagInit
 .text.jtagMode
                0x00000620       0x68 ./src/jtag.o
                0x00000620                jtagMode
 .text.testLogicReset
                0x00000688       0x40 ./src/jtag.o
                0x00000688                testLogicReset
 .text._jtagSuccess
                0x000006c8       0x20 ./src/jtag.o
 .text._jtagFailure
                0x000006e8       0x20 ./src/jtag.o
 .text.jtagSuccess
                0x00000708       0x20 ./src/jtag.o
                0x00000708                jtagSuccess
 .text.jtagFailure
                0x00000728       0x20 ./src/jtag.o
                0x00000728                jtagFailure
 .text.jtagDevId
                0x00000748       0xac ./src/jtag.o
 .text.jtagDevCount
                0x000007f4      0x14c ./src/jtag.o
 .text.jtagUserId
                0x00000940      0x17c ./src/jtag.o
 .text.jtagXsvf
                0x00000abc       0x48 ./src/jtag.o
 .text.jtagSample
                0x00000b04      0x254 ./src/jtag.o
 .text.jtagBscData
                0x00000d58       0x80 ./src/jtag.o
 .text.jtagMoreData
                0x00000dd8       0x20 ./src/jtag.o
 .text.jtagXSVF
                0x00000df8       0x44 ./src/jtag.o
                0x00000df8                jtagXSVF
 .text.jtagReadByte
                0x00000e3c       0x84 ./src/jtag.o
                0x00000e3c                jtagReadByte
 .text.jtagRead
                0x00000ec0       0xbc ./src/jtag.o
                0x00000ec0                jtagRead
 .text.jtagWrite
                0x00000f7c       0xac ./src/jtag.o
                0x00000f7c                jtagWrite
 .text.value    0x00001028       0x54 ./src/lenval.o
                0x00001028                value
 .text.initLenVal
                0x0000107c       0x24 ./src/lenval.o
                0x0000107c                initLenVal
 .text.EqualLenVal
                0x000010a0       0x98 ./src/lenval.o
                0x000010a0                EqualLenVal
 .text.addVal   0x00001138       0x90 ./src/lenval.o
                0x00001138                addVal
 .text.readVal  0x000011c8       0x44 ./src/lenval.o
                0x000011c8                readVal
 .text.__WFI    0x0000120c        0xc ./src/main.o
 .text.GetInReport
                0x00001218        0xc ./src/main.o
                0x00001218                GetInReport
 .text.SetOutReport
                0x00001224        0xc ./src/main.o
                0x00001224                SetOutReport
 .text.main     0x00001230       0xac ./src/main.o
                0x00001230                main
 .text.xsvfInfoInit
                0x000012dc       0x70 ./src/micro.o
                0x000012dc                xsvfInfoInit
 .text.xsvfInfoCleanup
                0x0000134c       0x14 ./src/micro.o
                0x0000134c                xsvfInfoCleanup
 .text.xsvfGetAsNumBytes
                0x00001360       0x2c ./src/micro.o
                0x00001360                xsvfGetAsNumBytes
 .text.xsvfTmsTransition
                0x0000138c       0x38 ./src/micro.o
                0x0000138c                xsvfTmsTransition
 .text.xsvfGotoTapState
                0x000013c4      0x338 ./src/micro.o
                0x000013c4                xsvfGotoTapState
 .text.xsvfShiftOnly
                0x000016fc      0x110 ./src/micro.o
                0x000016fc                xsvfShiftOnly
 .text.xsvfShift
                0x0000180c      0x144 ./src/micro.o
                0x0000180c                xsvfShift
 .text.xsvfBasicXSDRTDO
                0x00001950       0x64 ./src/micro.o
                0x00001950                xsvfBasicXSDRTDO
 .text.xsvfDoSDRMasking
                0x000019b4       0xf0 ./src/micro.o
                0x000019b4                xsvfDoSDRMasking
 .text.xsvfDoIllegalCmd
                0x00001aa4       0x20 ./src/micro.o
                0x00001aa4                xsvfDoIllegalCmd
 .text.xsvfDoXCOMPLETE
                0x00001ac4       0x20 ./src/micro.o
                0x00001ac4                xsvfDoXCOMPLETE
 .text.xsvfDoXTDOMASK
                0x00001ae4       0x2c ./src/micro.o
                0x00001ae4                xsvfDoXTDOMASK
 .text.xsvfDoXSIR
                0x00001b10       0xa0 ./src/micro.o
                0x00001b10                xsvfDoXSIR
 .text.xsvfDoXSIR2
                0x00001bb0       0xac ./src/micro.o
                0x00001bb0                xsvfDoXSIR2
 .text.xsvfDoXSDR
                0x00001c5c       0x80 ./src/micro.o
                0x00001c5c                xsvfDoXSDR
 .text.xsvfDoXRUNTEST
                0x00001cdc       0x38 ./src/micro.o
                0x00001cdc                xsvfDoXRUNTEST
 .text.xsvfDoXREPEAT
                0x00001d14       0x24 ./src/micro.o
                0x00001d14                xsvfDoXREPEAT
 .text.xsvfDoXSDRSIZE
                0x00001d38       0x64 ./src/micro.o
                0x00001d38                xsvfDoXSDRSIZE
 .text.xsvfDoXSDRTDO
                0x00001d9c       0x70 ./src/micro.o
                0x00001d9c                xsvfDoXSDRTDO
 .text.xsvfDoXSETSDRMASKS
                0x00001e0c       0x48 ./src/micro.o
                0x00001e0c                xsvfDoXSETSDRMASKS
 .text.xsvfDoXSDRINC
                0x00001e54      0x184 ./src/micro.o
                0x00001e54                xsvfDoXSDRINC
 .text.xsvfDoXSDRBCE
                0x00001fd8       0x74 ./src/micro.o
                0x00001fd8                xsvfDoXSDRBCE
 .text.xsvfDoXSDRTDOBCE
                0x0000204c       0x78 ./src/micro.o
                0x0000204c                xsvfDoXSDRTDOBCE
 .text.xsvfDoXSTATE
                0x000020c4       0x3c ./src/micro.o
                0x000020c4                xsvfDoXSTATE
 .text.xsvfDoXENDXR
                0x00002100       0x80 ./src/micro.o
                0x00002100                xsvfDoXENDXR
 .text.xsvfDoXCOMMENT
                0x00002180       0x30 ./src/micro.o
                0x00002180                xsvfDoXCOMMENT
 .text.xsvfDoXWAIT
                0x000021b0       0x9c ./src/micro.o
                0x000021b0                xsvfDoXWAIT
 .text.xsvfInitialize
                0x0000224c       0x40 ./src/micro.o
                0x0000224c                xsvfInitialize
 .text.xsvfRun  0x0000228c       0x64 ./src/micro.o
                0x0000228c                xsvfRun
 .text.xsvfCleanup
                0x000022f0       0x18 ./src/micro.o
                0x000022f0                xsvfCleanup
 .text.xsvfExecute
                0x00002308       0x40 ./src/micro.o
                0x00002308                xsvfExecute
 .text.GPIOSetValue
                0x00002348       0x3c ./src/ports.o
 .text.setPort  0x00002384       0x6c ./src/ports.o
                0x00002384                setPort
 .text.pulseClock
                0x000023f0       0x20 ./src/ports.o
                0x000023f0                pulseClock
 .text.readByte
                0x00002410       0x1c ./src/ports.o
                0x00002410                readByte
 .text.readTDOBit
                0x0000242c       0x2c ./src/ports.o
                0x0000242c                readTDOBit
 .text.waitTime
                0x00002458       0x40 ./src/ports.o
                0x00002458                waitTime
 .text.USB_ResetCore
                0x00002498       0x60 ./src/usbcore.o
                0x00002498                USB_ResetCore
 .text.USB_SetupStage
                0x000024f8       0x18 ./src/usbcore.o
                0x000024f8                USB_SetupStage
 .text.USB_DataInStage
                0x00002510       0x7c ./src/usbcore.o
                0x00002510                USB_DataInStage
 .text.USB_DataOutStage
                0x0000258c       0x58 ./src/usbcore.o
                0x0000258c                USB_DataOutStage
 .text.USB_StatusInStage
                0x000025e4       0x18 ./src/usbcore.o
                0x000025e4                USB_StatusInStage
 .text.USB_StatusOutStage
                0x000025fc       0x18 ./src/usbcore.o
                0x000025fc                USB_StatusOutStage
 .text.USB_ReqGetStatus
                0x00002614      0x13c ./src/usbcore.o
                0x00002614                USB_ReqGetStatus
 .text.USB_ReqSetClrFeature
                0x00002750      0x184 ./src/usbcore.o
                0x00002750                USB_ReqSetClrFeature
 .text.USB_ReqSetAddress
                0x000028d4       0x44 ./src/usbcore.o
                0x000028d4                USB_ReqSetAddress
 .text.USB_ReqGetDescriptor
                0x00002918      0x1f0 ./src/usbcore.o
                0x00002918                USB_ReqGetDescriptor
 .text.USB_ReqGetConfiguration
                0x00002b08       0x3c ./src/usbcore.o
                0x00002b08                USB_ReqGetConfiguration
 .text.UsbAddPtr
                0x00002b44       0x24 ./src/usbcore.o
                0x00002b44                UsbAddPtr
 .text.USB_ReqSetConfiguration
                0x00002b68      0x304 ./src/usbcore.o
                0x00002b68                USB_ReqSetConfiguration
 .text.USB_ReqGetInterface
                0x00002e6c       0x78 ./src/usbcore.o
                0x00002e6c                USB_ReqGetInterface
 .text.USB_ReqSetInterface
                0x00002ee4      0x23c ./src/usbcore.o
                0x00002ee4                USB_ReqSetInterface
 .text.USB_EndPoint0
                0x00003120      0x42c ./src/usbcore.o
                0x00003120                USB_EndPoint0
 .text.NVIC_EnableIRQ
                0x0000354c       0x38 ./src/usbhw.o
 .text.USBIOClkConfig
                0x00003584       0xd4 ./src/usbhw.o
                0x00003584                USBIOClkConfig
 .text.delay    0x00003658       0x2c ./src/usbhw.o
                0x00003658                delay
 .text.EPAdr    0x00003684       0x34 ./src/usbhw.o
                0x00003684                EPAdr
 .text.WrCmd    0x000036b8       0x40 ./src/usbhw.o
                0x000036b8                WrCmd
 .text.WrCmdDat
                0x000036f8       0x20 ./src/usbhw.o
                0x000036f8                WrCmdDat
 .text.WrCmdEP  0x00003718       0x30 ./src/usbhw.o
                0x00003718                WrCmdEP
 .text.RdCmdDat
                0x00003748       0x4c ./src/usbhw.o
                0x00003748                RdCmdDat
 .text.USB_Init
                0x00003794       0x1c ./src/usbhw.o
                0x00003794                USB_Init
 .text.USB_Connect
                0x000037b0       0x34 ./src/usbhw.o
                0x000037b0                USB_Connect
 .text.USB_Reset
                0x000037e4       0x2c ./src/usbhw.o
                0x000037e4                USB_Reset
 .text.USB_Suspend
                0x00003810        0xc ./src/usbhw.o
                0x00003810                USB_Suspend
 .text.USB_Resume
                0x0000381c        0xc ./src/usbhw.o
                0x0000381c                USB_Resume
 .text.USB_WakeUpCfg
                0x00003828       0x14 ./src/usbhw.o
                0x00003828                USB_WakeUpCfg
 .text.USB_SetAddress
                0x0000383c       0x48 ./src/usbhw.o
                0x0000383c                USB_SetAddress
 .text.USB_Configure
                0x00003884       0x34 ./src/usbhw.o
                0x00003884                USB_Configure
 .text.USB_ConfigEP
                0x000038b8       0x14 ./src/usbhw.o
                0x000038b8                USB_ConfigEP
 .text.USB_DirCtrlEP
                0x000038cc       0x14 ./src/usbhw.o
                0x000038cc                USB_DirCtrlEP
 .text.USB_EnableEP
                0x000038e0       0x30 ./src/usbhw.o
                0x000038e0                USB_EnableEP
 .text.USB_DisableEP
                0x00003910       0x34 ./src/usbhw.o
                0x00003910                USB_DisableEP
 .text.USB_ResetEP
                0x00003944       0x30 ./src/usbhw.o
                0x00003944                USB_ResetEP
 .text.USB_SetStallEP
                0x00003974       0x34 ./src/usbhw.o
                0x00003974                USB_SetStallEP
 .text.USB_ClrStallEP
                0x000039a8       0x30 ./src/usbhw.o
                0x000039a8                USB_ClrStallEP
 .text.USB_ClearEPBuf
                0x000039d8       0x20 ./src/usbhw.o
                0x000039d8                USB_ClearEPBuf
 .text.USB_ReadEP
                0x000039f8       0xac ./src/usbhw.o
                0x000039f8                USB_ReadEP
 .text.USB_WriteEP
                0x00003aa4       0xd4 ./src/usbhw.o
                0x00003aa4                USB_WriteEP
 .text.USB_IRQHandler
                0x00003b78      0x17c ./src/usbhw.o
                0x00003b78                USB_IRQHandler
 .text.USB_Reset_Event
                0x00003cf4        0xc ./src/usbuser.o
                0x00003cf4                USB_Reset_Event
 .text.USB_Suspend_Event
                0x00003d00        0xc ./src/usbuser.o
                0x00003d00                USB_Suspend_Event
 .text.USB_Resume_Event
                0x00003d0c        0xc ./src/usbuser.o
                0x00003d0c                USB_Resume_Event
 .text.USB_EndPoint1
                0x00003d18       0x28 ./src/usbuser.o
                0x00003d18                USB_EndPoint1
 .text.USB_EndPoint2
                0x00003d40       0x20 ./src/usbuser.o
                0x00003d40                USB_EndPoint2
 .text.__NOP    0x00003d60        0xc /home/fpga/Documents/workspace/CMSISv1p30_LPC13xx/Debug/libCMSISv1p30_LPC13xx.a(system_LPC13xx.o)
 .text.SystemInit
                0x00003d6c      0x200 /home/fpga/Documents/workspace/CMSISv1p30_LPC13xx/Debug/libCMSISv1p30_LPC13xx.a(system_LPC13xx.o)
                0x00003d6c                SystemInit
 *(.rodata .rodata.*)
 .rodata        0x00003f6c       0x10 ./src/jtag.o
 .rodata        0x00003f7c       0x10 ./src/ports.o
 .rodata        0x00003f8c       0xd0 ./src/usbdesc.o
                0x00003f8c                HID_ReportDescriptor
                0x00003fb8                HID_ReportDescSize
                0x00003fbc                USB_DeviceDescriptor
                0x00003fd0                USB_ConfigDescriptor
                0x00003ff8                USB_StringDescriptor
 .rodata        0x0000405c       0x14 ./src/usbuser.o
                0x0000405c                USB_P_EP
                0x00004070                . = ALIGN (0x4)

.glue_7         0x00004070        0x0
 .glue_7        0x00000000        0x0 linker stubs

.glue_7t        0x00004070        0x0
 .glue_7t       0x00000000        0x0 linker stubs

.vfp11_veneer   0x00004070        0x0
 .vfp11_veneer  0x00000000        0x0 linker stubs

.v4_bx          0x00004070        0x0
 .v4_bx         0x00000000        0x0 linker stubs

.ARM.extab
 *(.ARM.extab* .gnu.linkonce.armextab.*)
                0x00004070                __exidx_start = .

.ARM.exidx
 *(.ARM.exidx* .gnu.linkonce.armexidx.*)
                0x00004070                __exidx_end = .
                0x00004070                _etext = .

.uninit_RESERVED
 *(.bss.$RESERVED*)

.data           0x10000000       0xe8 load address 0x00004070
 FILL mask 0xff
                0x10000000                _data = .
 *(vtable)
 *(.data*)
 .data          0x10000000       0x84 ./src/jtag.o
 .data          0x10000084       0x60 ./src/micro.o
                0x10000084                xsvf_pfDoCmd
 .data          0x100000e4        0x4 ./src/ports.o
                0x100000e8                . = ALIGN (0x4)
                0x100000e8                _edata = .

.bss            0x100000e8      0x114 load address 0x00004158
                0x100000e8                _bss = .
 *(.bss*)
 .bss           0x100000e8        0x8 ./src/jtag.o
                0x100000e8                jtagState
                0x100000ec                len
 *(COMMON)
 COMMON         0x100000f0        0x7 ./src/hiduser.o
                0x100000f0                InReport
                0x100000f4                HID_IdleTime
                0x100000f5                OutReport
                0x100000f6                HID_Protocol
 *fill*         0x100000f7        0x1 00
 COMMON         0x100000f8       0x94 ./src/jtag.o
                0x100000f8                jtag
                0x10000138                pData
                0x1000013c                data
 COMMON         0x1000018c       0x6e ./src/usbcore.o
                0x1000018c                USB_AltSetting
                0x10000190                EP0Buf
                0x100001d0                USB_EndPointMask
                0x100001d4                USB_DeviceAddress
                0x100001d8                USB_EndPointStall
                0x100001dc                USB_EndPointHalt
                0x100001e0                USB_Configuration
                0x100001e4                SetupPacket
                0x100001ec                USB_NumInterfaces
                0x100001f0                EP0Data
                0x100001f8                USB_DeviceStatus
                0x100001fc                . = ALIGN (0x4)
 *fill*         0x100001fa        0x2 00
                0x100001fc                _ebss = .
                0x100001fc                PROVIDE (end, .)
                0x100001fc                PROVIDE (_pvHeapStart, .)
                0x10002000                PROVIDE (_vStackTop, (__top_RamLoc8 - 0x0))
OUTPUT(usbhid.axf elf32-littlearm)

.debug_abbrev   0x00000000     0x1191
 .debug_abbrev  0x00000000       0xd6 ./src/cr_startup_lpc13.o
 .debug_abbrev  0x000000d6      0x1d0 ./src/gpio.o
 .debug_abbrev  0x000002a6      0x122 ./src/hiduser.o
 .debug_abbrev  0x000003c8      0x2ac ./src/jtag.o
 .debug_abbrev  0x00000674       0xd1 ./src/lenval.o
 .debug_abbrev  0x00000745      0x117 ./src/main.o
 .debug_abbrev  0x0000085c      0x13a ./src/micro.o
 .debug_abbrev  0x00000996      0x170 ./src/ports.o
 .debug_abbrev  0x00000b06      0x21a ./src/usbcore.o
 .debug_abbrev  0x00000d20       0x74 ./src/usbdesc.o
 .debug_abbrev  0x00000d94      0x23c ./src/usbhw.o
 .debug_abbrev  0x00000fd0       0xd1 ./src/usbuser.o
 .debug_abbrev  0x000010a1       0xf0 /home/fpga/Documents/workspace/CMSISv1p30_LPC13xx/Debug/libCMSISv1p30_LPC13xx.a(system_LPC13xx.o)

.debug_info     0x00000000     0x5294
 .debug_info    0x00000000      0x221 ./src/cr_startup_lpc13.o
 .debug_info    0x00000221      0xaa1 ./src/gpio.o
 .debug_info    0x00000cc2      0x30c ./src/hiduser.o
 .debug_info    0x00000fce      0x80a ./src/jtag.o
 .debug_info    0x000017d8      0x338 ./src/lenval.o
 .debug_info    0x00001b10      0x5da ./src/main.o
 .debug_info    0x000020ea      0xba4 ./src/micro.o
 .debug_info    0x00002c8e      0x351 ./src/ports.o
 .debug_info    0x00002fdf      0x953 ./src/usbcore.o
 .debug_info    0x00003932      0x14b ./src/usbdesc.o
 .debug_info    0x00003a7d     0x1117 ./src/usbhw.o
 .debug_info    0x00004b94      0x190 ./src/usbuser.o
 .debug_info    0x00004d24      0x570 /home/fpga/Documents/workspace/CMSISv1p30_LPC13xx/Debug/libCMSISv1p30_LPC13xx.a(system_LPC13xx.o)

.debug_line     0x00000000     0x3d69
 .debug_line    0x00000000      0x456 ./src/cr_startup_lpc13.o
 .debug_line    0x00000456      0x4ab ./src/gpio.o
 .debug_line    0x00000901      0x3fc ./src/hiduser.o
 .debug_line    0x00000cfd      0x739 ./src/jtag.o
 .debug_line    0x00001436      0x132 ./src/lenval.o
 .debug_line    0x00001568      0x43b ./src/main.o
 .debug_line    0x000019a3      0x54c ./src/micro.o
 .debug_line    0x00001eef      0x465 ./src/ports.o
 .debug_line    0x00002354      0x739 ./src/usbcore.o
 .debug_line    0x00002a8d      0x376 ./src/usbdesc.o
 .debug_line    0x00002e03      0x6c9 ./src/usbhw.o
 .debug_line    0x000034cc      0x462 ./src/usbuser.o
 .debug_line    0x0000392e      0x43b /home/fpga/Documents/workspace/CMSISv1p30_LPC13xx/Debug/libCMSISv1p30_LPC13xx.a(system_LPC13xx.o)

.debug_macinfo  0x00000000    0x4cd2e
 .debug_macinfo
                0x00000000     0x312a ./src/cr_startup_lpc13.o
 .debug_macinfo
                0x0000312a     0x69c1 ./src/gpio.o
 .debug_macinfo
                0x00009aeb     0x5b50 ./src/hiduser.o
 .debug_macinfo
                0x0000f63b     0x7f9c ./src/jtag.o
 .debug_macinfo
                0x000175d7     0x1708 ./src/lenval.o
 .debug_macinfo
                0x00018cdf     0x8678 ./src/main.o
 .debug_macinfo
                0x00021357     0x1cba ./src/micro.o
 .debug_macinfo
                0x00023011     0x72f7 ./src/ports.o
 .debug_macinfo
                0x0002a308     0x6120 ./src/usbcore.o
 .debug_macinfo
                0x00030428     0x5ec8 ./src/usbdesc.o
 .debug_macinfo
                0x000362f0     0x7ef0 ./src/usbhw.o
 .debug_macinfo
                0x0003e1e0     0x7e47 ./src/usbuser.o
 .debug_macinfo
                0x00046027     0x6d07 /home/fpga/Documents/workspace/CMSISv1p30_LPC13xx/Debug/libCMSISv1p30_LPC13xx.a(system_LPC13xx.o)

.debug_loc      0x00000000     0x1e5e
 .debug_loc     0x00000000      0x1f0 ./src/cr_startup_lpc13.o
 .debug_loc     0x000001f0      0x17c ./src/gpio.o
 .debug_loc     0x0000036c      0x108 ./src/hiduser.o
 .debug_loc     0x00000474      0x49c ./src/jtag.o
 .debug_loc     0x00000910      0x188 ./src/lenval.o
 .debug_loc     0x00000a98       0xbc ./src/main.o
 .debug_loc     0x00000b54      0x6ce ./src/micro.o
 .debug_loc     0x00001222      0x138 ./src/ports.o
 .debug_loc     0x0000135a      0x32c ./src/usbcore.o
 .debug_loc     0x00001686      0x610 ./src/usbhw.o
 .debug_loc     0x00001c96      0x12c ./src/usbuser.o
 .debug_loc     0x00001dc2       0x9c /home/fpga/Documents/workspace/CMSISv1p30_LPC13xx/Debug/libCMSISv1p30_LPC13xx.a(system_LPC13xx.o)

.debug_pubnames
                0x00000000      0xbe2
 .debug_pubnames
                0x00000000       0xec ./src/cr_startup_lpc13.o
 .debug_pubnames
                0x000000ec       0x7c ./src/gpio.o
 .debug_pubnames
                0x00000168       0xbb ./src/hiduser.o
 .debug_pubnames
                0x00000223       0xec ./src/jtag.o
 .debug_pubnames
                0x0000030f       0x68 ./src/lenval.o
 .debug_pubnames
                0x00000377       0x3c ./src/main.o
 .debug_pubnames
                0x000003b3      0x25b ./src/micro.o
 .debug_pubnames
                0x0000060e       0x56 ./src/ports.o
 .debug_pubnames
                0x00000664      0x243 ./src/usbcore.o
 .debug_pubnames
                0x000008a7       0x8d ./src/usbdesc.o
 .debug_pubnames
                0x00000934      0x1cb ./src/usbhw.o
 .debug_pubnames
                0x00000aff       0x94 ./src/usbuser.o
 .debug_pubnames
                0x00000b93       0x4f /home/fpga/Documents/workspace/CMSISv1p30_LPC13xx/Debug/libCMSISv1p30_LPC13xx.a(system_LPC13xx.o)

.debug_pubtypes
                0x00000000      0x5eb
 .debug_pubtypes
                0x00000000       0x12 ./src/cr_startup_lpc13.o
 .debug_pubtypes
                0x00000012       0x7c ./src/gpio.o
 .debug_pubtypes
                0x0000008e       0x9c ./src/hiduser.o
 .debug_pubtypes
                0x0000012a       0x85 ./src/jtag.o
 .debug_pubtypes
                0x000001af       0x2e ./src/lenval.o
 .debug_pubtypes
                0x000001dd       0x42 ./src/main.o
 .debug_pubtypes
                0x0000021f       0x63 ./src/micro.o
 .debug_pubtypes
                0x00000282       0x34 ./src/ports.o
 .debug_pubtypes
                0x000002b6      0x1de ./src/usbcore.o
 .debug_pubtypes
                0x00000494       0x2b ./src/usbdesc.o
 .debug_pubtypes
                0x000004bf       0xd7 ./src/usbhw.o
 .debug_pubtypes
                0x00000596       0x1f ./src/usbuser.o
 .debug_pubtypes
                0x000005b5       0x36 /home/fpga/Documents/workspace/CMSISv1p30_LPC13xx/Debug/libCMSISv1p30_LPC13xx.a(system_LPC13xx.o)

.debug_aranges  0x00000000      0x5d0
 .debug_aranges
                0x00000000       0x70 ./src/cr_startup_lpc13.o
 .debug_aranges
                0x00000070       0x50 ./src/gpio.o
 .debug_aranges
                0x000000c0       0x48 ./src/hiduser.o
 .debug_aranges
                0x00000108       0xd8 ./src/jtag.o
 .debug_aranges
                0x000001e0       0x50 ./src/lenval.o
 .debug_aranges
                0x00000230       0x38 ./src/main.o
 .debug_aranges
                0x00000268      0x110 ./src/micro.o
 .debug_aranges
                0x00000378       0x48 ./src/ports.o
 .debug_aranges
                0x000003c0       0x98 ./src/usbcore.o
 .debug_aranges
                0x00000458      0x100 ./src/usbhw.o
 .debug_aranges
                0x00000558       0x48 ./src/usbuser.o
 .debug_aranges
                0x000005a0       0x30 /home/fpga/Documents/workspace/CMSISv1p30_LPC13xx/Debug/libCMSISv1p30_LPC13xx.a(system_LPC13xx.o)

.debug_ranges   0x00000000      0x510
 .debug_ranges  0x00000000       0x60 ./src/cr_startup_lpc13.o
 .debug_ranges  0x00000060       0x40 ./src/gpio.o
 .debug_ranges  0x000000a0       0x38 ./src/hiduser.o
 .debug_ranges  0x000000d8       0xc8 ./src/jtag.o
 .debug_ranges  0x000001a0       0x40 ./src/lenval.o
 .debug_ranges  0x000001e0       0x28 ./src/main.o
 .debug_ranges  0x00000208      0x100 ./src/micro.o
 .debug_ranges  0x00000308       0x38 ./src/ports.o
 .debug_ranges  0x00000340       0x88 ./src/usbcore.o
 .debug_ranges  0x000003c8       0xf0 ./src/usbhw.o
 .debug_ranges  0x000004b8       0x38 ./src/usbuser.o
 .debug_ranges  0x000004f0       0x20 /home/fpga/Documents/workspace/CMSISv1p30_LPC13xx/Debug/libCMSISv1p30_LPC13xx.a(system_LPC13xx.o)

.debug_str      0x00000000     0x197b
 .debug_str     0x00000000      0x197 ./src/cr_startup_lpc13.o
                                0x1cb (size before relaxing)
 .debug_str     0x00000197      0x735 ./src/gpio.o
                                0x7f0 (size before relaxing)
 .debug_str     0x000008cc       0xfc ./src/hiduser.o
                                0x1f4 (size before relaxing)
 .debug_str     0x000009c8      0x1b4 ./src/jtag.o
                                0x2f1 (size before relaxing)
 .debug_str     0x00000b7c      0x108 ./src/lenval.o
                                0x1aa (size before relaxing)
 .debug_str     0x00000c84       0x47 ./src/main.o
                                0x404 (size before relaxing)
 .debug_str     0x00000ccb      0x3ce ./src/micro.o
                                0x4e8 (size before relaxing)
 .debug_str     0x00001099       0x7c ./src/ports.o
                                0x1bf (size before relaxing)
 .debug_str     0x00001115      0x3f8 ./src/usbcore.o
                                0x5f2 (size before relaxing)
 .debug_str     0x0000150d       0x11 ./src/usbdesc.o
                                0x13a (size before relaxing)
 .debug_str     0x0000151e      0x366 ./src/usbhw.o
                                0xb4e (size before relaxing)
 .debug_str     0x00001884       0x6e ./src/usbuser.o
                                0x144 (size before relaxing)
 .debug_str     0x000018f2       0x89 /home/fpga/Documents/workspace/CMSISv1p30_LPC13xx/Debug/libCMSISv1p30_LPC13xx.a(system_LPC13xx.o)
                                0x3eb (size before relaxing)

.comment        0x00000000       0x2a
 .comment       0x00000000       0x2a ./src/cr_startup_lpc13.o
                                 0x2b (size before relaxing)
 .comment       0x00000000       0x2b ./src/gpio.o
 .comment       0x00000000       0x2b ./src/hiduser.o
 .comment       0x00000000       0x2b ./src/jtag.o
 .comment       0x00000000       0x2b ./src/lenval.o
 .comment       0x00000000       0x2b ./src/main.o
 .comment       0x00000000       0x2b ./src/micro.o
 .comment       0x00000000       0x2b ./src/ports.o
 .comment       0x00000000       0x2b ./src/usbcore.o
 .comment       0x00000000       0x2b ./src/usbdesc.o
 .comment       0x00000000       0x2b ./src/usbhw.o
 .comment       0x00000000       0x2b ./src/usbuser.o
 .comment       0x00000000       0x2b /home/fpga/Documents/workspace/CMSISv1p30_LPC13xx/Debug/libCMSISv1p30_LPC13xx.a(system_LPC13xx.o)

.ARM.attributes
                0x00000000       0x31
 .ARM.attributes
                0x00000000       0x31 ./src/cr_startup_lpc13.o
 .ARM.attributes
                0x00000031       0x31 ./src/gpio.o
 .ARM.attributes
                0x00000062       0x31 ./src/hiduser.o
 .ARM.attributes
                0x00000093       0x31 ./src/jtag.o
 .ARM.attributes
                0x000000c4       0x31 ./src/lenval.o
 .ARM.attributes
                0x000000f5       0x31 ./src/main.o
 .ARM.attributes
                0x00000126       0x31 ./src/micro.o
 .ARM.attributes
                0x00000157       0x31 ./src/ports.o
 .ARM.attributes
                0x00000188       0x31 ./src/usbcore.o
 .ARM.attributes
                0x000001b9       0x31 ./src/usbdesc.o
 .ARM.attributes
                0x000001ea       0x31 ./src/usbhw.o
 .ARM.attributes
                0x0000021b       0x31 ./src/usbuser.o
 .ARM.attributes
                0x0000024c       0x31 /home/fpga/Documents/workspace/CMSISv1p30_LPC13xx/Debug/libCMSISv1p30_LPC13xx.a(system_LPC13xx.o)

.debug_frame    0x00000000     0x11a8
 .debug_frame   0x00000000      0x120 ./src/cr_startup_lpc13.o
 .debug_frame   0x00000120       0xd4 ./src/gpio.o
 .debug_frame   0x000001f4       0xa8 ./src/hiduser.o
 .debug_frame   0x0000029c      0x2ac ./src/jtag.o
 .debug_frame   0x00000548       0xd8 ./src/lenval.o
 .debug_frame   0x00000620       0x78 ./src/main.o
 .debug_frame   0x00000698      0x3f4 ./src/micro.o
 .debug_frame   0x00000a8c       0xc0 ./src/ports.o
 .debug_frame   0x00000b4c      0x1d8 ./src/usbcore.o
 .debug_frame   0x00000d24      0x368 ./src/usbhw.o
 .debug_frame   0x0000108c       0xb8 ./src/usbuser.o
 .debug_frame   0x00001144       0x64 /home/fpga/Documents/workspace/CMSISv1p30_LPC13xx/Debug/libCMSISv1p30_LPC13xx.a(system_LPC13xx.o)
